C/C++:   768 |     if (!(wantedWidth == frame->width && wantedHeight == frame->height || wantedWidth == frame->height && wantedHeight == frame->width)) {
C/C++:       |           ~~~~~~~~~~~~~~~~~~~~~~~~~~~~^~~~~~~~~~~~~~~~~~~~~~~~~~~~~~~~ ~~
C/C++: /home/runner/work/Telegram/Telegram/TMessagesProj/jni/gifvideo.cpp:768:39: note: place parentheses around the '&&' expression to silence this warning
C/C++:   768 |     if (!(wantedWidth == frame->width && wantedHeight == frame->height || wantedWidth == frame->height && wantedHeight == frame->width)) {
C/C++:       |                                       ^
C/C++:       |           (                                                           )
C/C++: /home/runner/work/Telegram/Telegram/TMessagesProj/jni/gifvideo.cpp:768:104: warning: '&&' within '||' [-Wlogical-op-parentheses]
C/C++:   768 |     if (!(wantedWidth == frame->width && wantedHeight == frame->height || wantedWidth == frame->height && wantedHeight == frame->width)) {
C/C++:       |                                                                        ~~ ~~~~~~~~~~~~~~~~~~~~~~~~~~~~~^~~~~~~~~~~~~~~~~~~~~~~~~~~~~~~
C/C++: /home/runner/work/Telegram/Telegram/TMessagesProj/jni/gifvideo.cpp:768:104: note: place parentheses around the '&&' expression to silence this warning
C/C++:   768 |     if (!(wantedWidth == frame->width && wantedHeight == frame->height || wantedWidth == frame->height && wantedHeight == frame->width)) {
C/C++:       |                                                                                                        ^                              
C/C++:       |                                                                           (                                                           )
C/C++: /home/runner/work/Telegram/Telegram/TMessagesProj/jni/gifvideo.cpp:146:27: warning: unused function 'get_format' [-Wunused-function]
C/C++:   146 | static enum AVPixelFormat get_format(AVCodecContext *ctx,
C/C++:       |                           ^~~~~~~~~~
C/C++: 10 warnings generated.
C/C++: /home/runner/work/Telegram/Telegram/TMessagesProj/jni/ffmpeg_jni.cc:31:9: warning: '__STDC_CONSTANT_MACROS' macro redefined [-Wmacro-redefined]
C/C++:    31 | #define __STDC_CONSTANT_MACROS
C/C++:       |         ^
C/C++: /home/runner/work/Telegram/Telegram/TMessagesProj/.cxx/RelWithDebInfo/315u2d5t/arm64-v8a/<command line>:45:9: note: previous definition is here
C/C++:    45 | #define __STDC_CONSTANT_MACROS 1
C/C++:       |         ^
C/C++: 1 warning generated.
C/C++: /home/runner/work/Telegram/Telegram/TMessagesProj/jni/voip/org_telegram_messenger_voip_Instance.cpp:407:88: warning: adding 'jint' (aka 'int') to a string does not append to the string [-Wstring-plus-int]
C/C++:   407 |             throwNewJavaIllegalArgumentException(env, "Unknown data saving constant: " + dataSaving);
C/C++:       |                                                       ~~~~~~~~~~~~~~~~~~~~~~~~~~~~~~~~~^~~~~~~~~~~~
C/C++: /home/runner/work/Telegram/Telegram/TMessagesProj/jni/voip/org_telegram_messenger_voip_Instance.cpp:407:88: note: use array indexing to silence this warning
C/C++:   407 |             throwNewJavaIllegalArgumentException(env, "Unknown data saving constant: " + dataSaving);
C/C++:       |                                                                                        ^           
C/C++:       |                                                       &                                [           ]
C/C++: /home/runner/work/Telegram/Telegram/TMessagesProj/jni/voip/org_telegram_messenger_voip_Instance.cpp:557:34: warning: variable length arrays in C++ are a Clang extension [-Wvla-cxx-extension]
C/C++:   557 |                     jint intFill[size];
C/C++:       |                                  ^~~~
C/C++: /home/runner/work/Telegram/Telegram/TMessagesProj/jni/voip/org_telegram_messenger_voip_Instance.cpp:557:34: note: read of non-const variable 'size' is not allowed in a constant expression
C/C++: /home/runner/work/Telegram/Telegram/TMessagesProj/jni/voip/org_telegram_messenger_voip_Instance.cpp:552:34: note: declared here
C/C++:   552 |                     unsigned int size = update.updates.size();
C/C++:       |                                  ^
C/C++: /home/runner/work/Telegram/Telegram/TMessagesProj/jni/voip/org_telegram_messenger_voip_Instance.cpp:558:38: warning: variable length arrays in C++ are a Clang extension [-Wvla-cxx-extension]
C/C++:   558 |                     jfloat floatFill[size];
C/C++:       |                                      ^~~~
C/C++: /home/runner/work/Telegram/Telegram/TMessagesProj/jni/voip/org_telegram_messenger_voip_Instance.cpp:558:38: note: read of non-const variable 'size' is not allowed in a constant expression
C/C++: /home/runner/work/Telegram/Telegram/TMessagesProj/jni/voip/org_telegram_messenger_voip_Instance.cpp:552:34: note: declared here
C/C++:   552 |                     unsigned int size = update.updates.size();
C/C++:       |                                  ^
C/C++: /home/runner/work/Telegram/Telegram/TMessagesProj/jni/voip/org_telegram_messenger_voip_Instance.cpp:559:39: warning: variable length arrays in C++ are a Clang extension [-Wvla-cxx-extension]
C/C++:   559 |                     jboolean boolFill[size];
C/C++:       |                                       ^~~~
C/C++: /home/runner/work/Telegram/Telegram/TMessagesProj/jni/voip/org_telegram_messenger_voip_Instance.cpp:559:39: note: read of non-const variable 'size' is not allowed in a constant expression
C/C++: /home/runner/work/Telegram/Telegram/TMessagesProj/jni/voip/org_telegram_messenger_voip_Instance.cpp:552:34: note: declared here
C/C++:   552 |                     unsigned int size = update.updates.size();
C/C++:       |                                  ^
C/C++: /home/runner/work/Telegram/Telegram/TMessagesProj/jni/voip/org_telegram_messenger_voip_Instance.cpp:608:30: warning: variable length arrays in C++ are a Clang extension [-Wvla-cxx-extension]
C/C++:   608 |                 jint intFill[size];
C/C++:       |                              ^~~~
C/C++: /home/runner/work/Telegram/Telegram/TMessagesProj/jni/voip/org_telegram_messenger_voip_Instance.cpp:608:30: note: read of non-const variable 'size' is not allowed in a constant expression
C/C++: /home/runner/work/Telegram/Telegram/TMessagesProj/jni/voip/org_telegram_messenger_voip_Instance.cpp:605:30: note: declared here
C/C++:   605 |                 unsigned int size = ssrcs.size();
C/C++:       |                              ^
C/C++: /home/runner/work/Telegram/Telegram/TMessagesProj/jni/voip/org_telegram_messenger_voip_Instance.cpp:1372:39: warning: format specifies type 'int' but the argument has type 'jlong' (aka 'long') [-Wformat]
C/C++:  1372 |     DEBUG_D("setConferenceCallId %d", call_id);
C/C++:       |                                  ~~   ^~~~~~~
C/C++:       |                                  %ld
C/C++: 6 warnings generated.

> Task :TMessagesProj:mergeStandaloneJniLibFolders
> Task :TMessagesProj:prepareStandaloneArtProfile
> Task :TMessagesProj:generateStandaloneBuildConfig
> Task :TMessagesProj:generateStandaloneLocalizationUtilsJava
> Task :TMessagesProj:generateStandaloneResValues FROM-CACHE
> Task :TMessagesProj:generateStandaloneResources
> Task :TMessagesProj:processStandaloneGoogleServices
> Task :TMessagesProj:mergeStandaloneNativeLibs
> Task :TMessagesProj_AppStandalone:mergeAfatStandaloneArtProfile
> Task :TMessagesProj:packageStandaloneResources
> Task :TMessagesProj:processStandaloneNavigationResources
> Task :TMessagesProj:javaPreCompileStandalone FROM-CACHE
> Task :TMessagesProj:writeStandaloneAarMetadata
> Task :TMessagesProj:extractDeepLinksStandalone FROM-CACHE

> Task :TMessagesProj:processStandaloneManifest
/home/runner/work/Telegram/Telegram/TMessagesProj/src/main/AndroidManifest.xml:83:5-102 Warning:
	uses-permission#android.permission.WRITE_EXTERNAL_STORAGE was tagged at AndroidManifest.xml:83 to replace another declaration but no other declaration present
/home/runner/work/Telegram/Telegram/TMessagesProj/src/main/AndroidManifest.xml:97:5-797:19 Warning:
	application@android:supportsRtl was tagged at AndroidManifest.xml:97 to replace other declarations but no other declaration present

> Task :TMessagesProj:processStandaloneJavaRes NO-SOURCE
> Task :TMessagesProj:parseStandaloneLocalResources
> Task :TMessagesProj:copyStandaloneJniLibsProjectOnly
> Task :TMessagesProj:mergeStandaloneShaders
> Task :TMessagesProj:compileStandaloneShaders NO-SOURCE
> Task :TMessagesProj:generateStandaloneAssets UP-TO-DATE
> Task :TMessagesProj:mergeStandaloneAssets
> Task :TMessagesProj:generateStandaloneRFile
> Task :TMessagesProj_AppStandalone:expandAfatStandaloneL8ArtProfileWildcards
> Task :TMessagesProj_AppStandalone:checkAfatStandaloneAarMetadata
> Task :TMessagesProj_AppStandalone:processAfatStandaloneNavigationResources
> Task :TMessagesProj_AppStandalone:mergeAfatStandaloneNativeLibs
> Task :TMessagesProj_AppStandalone:compileAfatStandaloneNavigationResources
> Task :TMessagesProj_AppStandalone:mapAfatStandaloneSourceSetPaths
> Task :TMessagesProj_AppStandalone:stripAfatStandaloneDebugSymbols

> Task :TMessagesProj_AppStandalone:mergeAfatStandaloneResources
/home/runner/work/Telegram/Telegram/TMessagesProj/build/intermediates/packaged_res/standalone/packageStandaloneResources/values/values.xml:4362:4: Multiple substitutions specified in non-positional format of string resource string/Gift2ActiveAuctionsActiveBidActive. Did you mean to add the formatted="false" attribute?
/home/runner/work/Telegram/Telegram/TMessagesProj/build/intermediates/packaged_res/standalone/packageStandaloneResources/values/values.xml:4365:4: Multiple substitutions specified in non-positional format of string resource string/Gift2ActiveAuctionsActiveRound. Did you mean to add the formatted="false" attribute?
/home/runner/work/Telegram/Telegram/TMessagesProj/build/intermediates/packaged_res/standalone/packageStandaloneResources/values/values.xml:4414:4: Multiple substitutions specified in non-positional format of string resource string/Gift2AuctionInfo2_one. Did you mean to add the formatted="false" attribute?
/home/runner/work/Telegram/Telegram/TMessagesProj/build/intermediates/packaged_res/standalone/packageStandaloneResources/values/values.xml:4415:4: Multiple substitutions specified in non-positional format of string resource string/Gift2AuctionInfo2_other. Did you mean to add the formatted="false" attribute?
/home/runner/work/Telegram/Telegram/TMessagesProj/build/intermediates/packaged_res/standalone/packageStandaloneResources/values/values.xml:4418:4: Multiple substitutions specified in non-positional format of string resource string/Gift2AuctionInfoLearnMore2_one. Did you mean to add the formatted="false" attribute?
/home/runner/work/Telegram/Telegram/TMessagesProj/build/intermediates/packaged_res/standalone/packageStandaloneResources/values/values.xml:4419:4: Multiple substitutions specified in non-positional format of string resource string/Gift2AuctionInfoLearnMore2_other. Did you mean to add the formatted="false" attribute?
/home/runner/work/Telegram/Telegram/TMessagesProj/build/intermediates/packaged_res/standalone/packageStandaloneResources/values/values.xml:4420:4: Multiple substitutions specified in non-positional format of string resource string/Gift2AuctionInfo_one. Did you mean to add the formatted="false" attribute?
/home/runner/work/Telegram/Telegram/TMessagesProj/build/intermediates/packaged_res/standalone/packageStandaloneResources/values/values.xml:4421:4: Multiple substitutions specified in non-positional format of string resource string/Gift2AuctionInfo_other. Did you mean to add the formatted="false" attribute?
/home/runner/work/Telegram/Telegram/TMessagesProj/build/intermediates/packaged_res/standalone/packageStandaloneResources/values/values.xml:4466:4: Multiple substitutions specified in non-positional format of string resource string/Gift2AuctionsChangeRecipient2. Did you mean to add the formatted="false" attribute?
/home/runner/work/Telegram/Telegram/TMessagesProj/build/intermediates/packaged_res/standalone/packageStandaloneResources/values/values.xml:4476:4: Multiple substitutions specified in non-positional format of string resource string/Gift2AveragePriceHint. Did you mean to add the formatted="false" attribute?
/home/runner/work/Telegram/Telegram/TMessagesProj/build/intermediates/packaged_res/standalone/packageStandaloneResources/values/values.xml:4594:4: Multiple substitutions specified in non-positional format of string resource string/Gift2InfoOutConverted_one. Did you mean to add the formatted="false" attribute?
/home/runner/work/Telegram/Telegram/TMessagesProj/build/intermediates/packaged_res/standalone/packageStandaloneResources/values/values.xml:4595:4: Multiple substitutions specified in non-positional format of string resource string/Gift2InfoOutConverted_other. Did you mean to add the formatted="false" attribute?
/home/runner/work/Telegram/Telegram/TMessagesProj/build/intermediates/packaged_res/standalone/packageStandaloneResources/values/values.xml:4868:4: Multiple substitutions specified in non-positional format of string resource string/GiftAuctionInfo1Text_one. Did you mean to add the formatted="false" attribute?
/home/runner/work/Telegram/Telegram/TMessagesProj/build/intermediates/packaged_res/standalone/packageStandaloneResources/values/values.xml:4869:4: Multiple substitutions specified in non-positional format of string resource string/GiftAuctionInfo1Text_other. Did you mean to add the formatted="false" attribute?
/home/runner/work/Telegram/Telegram/TMessagesProj/build/intermediates/packaged_res/standalone/packageStandaloneResources/values/values.xml:4975:4: Multiple substitutions specified in non-positional format of string resource string/GiftOfferPayMulti. Did you mean to add the formatted="false" attribute?
/home/runner/work/Telegram/Telegram/TMessagesProj/build/intermediates/packaged_res/standalone/packageStandaloneResources/values/values.xml:6596:4: Multiple substitutions specified in non-positional format of string resource string/NotificationTopicExceptionsDesctription_one. Did you mean to add the formatted="false" attribute?
/home/runner/work/Telegram/Telegram/TMessagesProj/build/intermediates/packaged_res/standalone/packageStandaloneResources/values/values.xml:6597:4: Multiple substitutions specified in non-positional format of string resource string/NotificationTopicExceptionsDesctription_other. Did you mean to add the formatted="false" attribute?
/home/runner/work/Telegram/Telegram/TMessagesProj/build/intermediates/packaged_res/standalone/packageStandaloneResources/values/values.xml:7514:4: Failed to flatten XML for resource 'PengramLyricsSmoothInfo' with error: Invalid unicode escape sequence in string
"{str}"
/home/runner/work/Telegram/Telegram/TMessagesProj/build/intermediates/packaged_res/standalone/packageStandaloneResources/values/values.xml:7514:4: string/PengramLyricsSmoothInfo does not contain a valid string resource.
/home/runner/work/Telegram/Telegram/TMessagesProj/build/intermediates/packaged_res/standalone/packageStandaloneResources/values/values.xml:7518:4: Failed to flatten XML for resource 'PengramLyricsSourceFileInfo' with error: Invalid unicode escape sequence in string
"{str}"
/home/runner/work/Telegram/Telegram/TMessagesProj/build/intermediates/packaged_res/standalone/packageStandaloneResources/values/values.xml:7518:4: string/PengramLyricsSourceFileInfo does not contain a valid string resource.
/home/runner/work/Telegram/Telegram/TMessagesProj/build/intermediates/packaged_res/standalone/packageStandaloneResources/values/values.xml:9818:4: Multiple substitutions specified in non-positional format of string resource string/StarRatingDescription1. Did you mean to add the formatted="false" attribute?
/home/runner/work/Telegram/Telegram/TMessagesProj/build/intermediates/packaged_res/standalone/packageStandaloneResources/values/values.xml:9819:4: Multiple substitutions specified in non-positional format of string resource string/StarRatingDescription2. Did you mean to add the formatted="false" attribute?
/home/runner/work/Telegram/Telegram/TMessagesProj/build/intermediates/packaged_res/standalone/packageStandaloneResources/values/values.xml:9820:4: Multiple substitutions specified in non-positional format of string resource string/StarRatingDescription3. Did you mean to add the formatted="false" attribute?
/home/runner/work/Telegram/Telegram/TMessagesProj/build/intermediates/packaged_res/standalone/packageStandaloneResources/values/values.xml:10231:4: Multiple substitutions specified in non-positional format of string resource string/StoryAddedToAlbumTitle_one. Did you mean to add the formatted="false" attribute?
/home/runner/work/Telegram/Telegram/TMessagesProj/build/intermediates/packaged_res/standalone/packageStandaloneResources/values/values.xml:10232:4: Multiple substitutions specified in non-positional format of string resource string/StoryAddedToAlbumTitle_other. Did you mean to add the formatted="false" attribute?
/home/runner/work/Telegram/Telegram/TMessagesProj/build/intermediates/packaged_res/standalone/packageStandaloneResources/values/values.xml:10434:4: Multiple substitutions specified in non-positional format of string resource string/StoryRemovedFromAlbumTitle_one. Did you mean to add the formatted="false" attribute?
/home/runner/work/Telegram/Telegram/TMessagesProj/build/intermediates/packaged_res/standalone/packageStandaloneResources/values/values.xml:10435:4: Multiple substitutions specified in non-positional format of string resource string/StoryRemovedFromAlbumTitle_other. Did you mean to add the formatted="false" attribute?
/home/runner/work/Telegram/Telegram/TMessagesProj/build/intermediates/packaged_res/standalone/packageStandaloneResources/values/values.xml:10506:4: Multiple substitutions specified in non-positional format of string resource string/SuggestAPostBelowSubtitleStarsAndTime. Did you mean to add the formatted="false" attribute?
/home/runner/work/Telegram/Telegram/TMessagesProj/build/intermediates/packaged_res/standalone/packageStandaloneResources/values/values.xml:10560:4: Multiple substitutions specified in non-positional format of string resource string/SuggestionAgreementReachedAdmin1. Did you mean to add the formatted="false" attribute?
/home/runner/work/Telegram/Telegram/TMessagesProj/build/intermediates/packaged_res/standalone/packageStandaloneResources/values/values.xml:10561:4: Multiple substitutions specified in non-positional format of string resource string/SuggestionAgreementReachedAdmin1PastSimple. Did you mean to add the formatted="false" attribute?
/home/runner/work/Telegram/Telegram/TMessagesProj/build/intermediates/packaged_res/standalone/packageStandaloneResources/values/values.xml:10563:4: Multiple substitutions specified in non-positional format of string resource string/SuggestionAgreementReachedAdmin2. Did you mean to add the formatted="false" attribute?
/home/runner/work/Telegram/Telegram/TMessagesProj/build/intermediates/packaged_res/standalone/packageStandaloneResources/values/values.xml:10564:4: Multiple substitutions specified in non-positional format of string resource string/SuggestionAgreementReachedAdmin3Stars. Did you mean to add the formatted="false" attribute?
/home/runner/work/Telegram/Telegram/TMessagesProj/build/intermediates/packaged_res/standalone/packageStandaloneResources/values/values.xml:10565:4: Multiple substitutions specified in non-positional format of string resource string/SuggestionAgreementReachedAdmin3TON. Did you mean to add the formatted="false" attribute?
/home/runner/work/Telegram/Telegram/TMessagesProj/build/intermediates/packaged_res/standalone/packageStandaloneResources/values/values.xml:10566:4: Multiple substitutions specified in non-positional format of string resource string/SuggestionAgreementReachedAdmin4Stars. Did you mean to add the formatted="false" attribute?
/home/runner/work/Telegram/Telegram/TMessagesProj/build/intermediates/packaged_res/standalone/packageStandaloneResources/values/values.xml:10567:4: Multiple substitutions specified in non-positional format of string resource string/SuggestionAgreementReachedAdmin4TON. Did you mean to add the formatted="false" attribute?
/home/runner/work/Telegram/Telegram/TMessagesProj/build/intermediates/packaged_res/standalone/packageStandaloneResources/values/values.xml:10568:4: Multiple substitutions specified in non-positional format of string resource string/SuggestionAgreementReachedUser1. Did you mean to add the formatted="false" attribute?
/home/runner/work/Telegram/Telegram/TMessagesProj/build/intermediates/packaged_res/standalone/packageStandaloneResources/values/values.xml:10569:4: Multiple substitutions specified in non-positional format of string resource string/SuggestionAgreementReachedUser1PastSimple. Did you mean to add the formatted="false" attribute?
/home/runner/work/Telegram/Telegram/TMessagesProj/build/intermediates/packaged_res/standalone/packageStandaloneResources/values/values.xml:10572:4: Multiple substitutions specified in non-positional format of string resource string/SuggestionAgreementReachedUser3Stars. Did you mean to add the formatted="false" attribute?
/home/runner/work/Telegram/Telegram/TMessagesProj/build/intermediates/packaged_res/standalone/packageStandaloneResources/values/values.xml:10573:4: Multiple substitutions specified in non-positional format of string resource string/SuggestionAgreementReachedUser3TON. Did you mean to add the formatted="false" attribute?
/home/runner/work/Telegram/Telegram/TMessagesProj/build/intermediates/packaged_res/standalone/packageStandaloneResources/values/values.xml:10574:4: Multiple substitutions specified in non-positional format of string resource string/SuggestionAgreementReachedUser4Stars. Did you mean to add the formatted="false" attribute?
/home/runner/work/Telegram/Telegram/TMessagesProj/build/intermediates/packaged_res/standalone/packageStandaloneResources/values/values.xml:10575:4: Multiple substitutions specified in non-positional format of string resource string/SuggestionAgreementReachedUser4TON. Did you mean to add the formatted="false" attribute?
/home/runner/work/Telegram/Telegram/TMessagesProj/build/intermediates/packaged_res/standalone/packageStandaloneResources/values/values.xml:11008:4: Multiple substitutions specified in non-positional format of string resource string/UnconfirmedAuthMultipleFrom_one. Did you mean to add the formatted="false" attribute?
/home/runner/work/Telegram/Telegram/TMessagesProj/build/intermediates/packaged_res/standalone/packageStandaloneResources/values/values.xml:11009:4: Multiple substitutions specified in non-positional format of string resource string/UnconfirmedAuthMultipleFrom_other. Did you mean to add the formatted="false" attribute?

> Task :TMessagesProj_AppStandalone:parseAfatStandaloneLocalResources
> Task :TMessagesProj_AppStandalone:mergeAfatStandaloneResources FAILED

> Task :TMessagesProj_AppStandalone:processAfatStandaloneMainManifest
/home/runner/work/Telegram/Telegram/TMessagesProj/config/release/AndroidManifest_standalone.xml Warning:
	uses-permission#android.permission.WRITE_EXTERNAL_STORAGE was tagged at AndroidManifest_standalone.xml:0 to replace another declaration but no other declaration present
/home/runner/work/Telegram/Telegram/TMessagesProj/config/release/AndroidManifest_standalone.xml:141:9-149:20 Warning:
	receiver#com.google.android.gms.measurement.AppMeasurementReceiver@android:enabled was tagged at AndroidManifest_standalone.xml:141 to replace other declarations but no other declaration present
/home/runner/work/Telegram/Telegram/TMessagesProj/config/release/AndroidManifest_standalone.xml:157:9-161:40 Warning:
	service#com.google.android.gms.measurement.AppMeasurementService@android:enabled was tagged at AndroidManifest_standalone.xml:157 to replace other declarations but no other declaration present

> Task :TMessagesProj_AppStandalone:extractAfatStandaloneNativeDebugMetadata
> Task :TMessagesProj:compileStandaloneJavaWithJavac
Note: Some input files use or override a deprecated API.
Note: Recompile with -Xlint:deprecation for details.
Note: Some input files use unchecked or unsafe operations.
Note: Recompile with -Xlint:unchecked for details.

[Incubating] Problems report is available at: file:///home/runner/work/Telegram/Telegram/build/reports/problems/problems-report.html

FAILURE: Build failed with an exception.

* What went wrong:
Execution failed for task ':TMessagesProj_AppStandalone:mergeAfatStandaloneResources'.
> A failure occurred while executing com.android.build.gradle.internal.res.ResourceCompilerRunnable
   > Resource compilation failed (Failed to compile values resource file /home/runner/work/Telegram/Telegram/TMessagesProj_AppStandalone/build/intermediates/incremental/afatStandalone/mergeAfatStandaloneResources/merged.dir/values/values.xml. Cause: java.lang.IllegalStateException: Can not extract resource from com.android.aaptcompiler.ParsedResource@72b05a72.,Can not extract resource from com.android.aaptcompiler.ParsedResource@4557dfd9.). Check logs for more details.

* Try:
> Run with --info or --debug option to get more log output.
> Run with --scan to get full insights.
> Get more help at https://help.gradle.org.

* Exception is:
org.gradle.api.tasks.TaskExecutionException: Execution failed for task ':TMessagesProj_AppStandalone:mergeAfatStandaloneResources'.
	at org.gradle.api.internal.tasks.execution.ExecuteActionsTaskExecuter.lambda$executeIfValid$1(ExecuteActionsTaskExecuter.java:130)
	at org.gradle.internal.Try$Failure.ifSuccessfulOrElse(Try.java:293)
	at org.gradle.api.internal.tasks.execution.ExecuteActionsTaskExecuter.executeIfValid(ExecuteActionsTaskExecuter.java:128)
	at org.gradle.api.internal.tasks.execution.ExecuteActionsTaskExecuter.execute(ExecuteActionsTaskExecuter.java:116)
	at org.gradle.api.internal.tasks.execution.ProblemsTaskPathTrackingTaskExecuter.execute(ProblemsTaskPathTrackingTaskExecuter.java:40)
	at org.gradle.api.internal.tasks.execution.FinalizePropertiesTaskExecuter.execute(FinalizePropertiesTaskExecuter.java:46)
	at org.gradle.api.internal.tasks.execution.ResolveTaskExecutionModeExecuter.execute(ResolveTaskExecutionModeExecuter.java:51)
	at org.gradle.api.internal.tasks.execution.SkipTaskWithNoActionsExecuter.execute(SkipTaskWithNoActionsExecuter.java:57)
	at org.gradle.api.internal.tasks.execution.SkipOnlyIfTaskExecuter.execute(SkipOnlyIfTaskExecuter.java:74)
	at org.gradle.api.internal.tasks.execution.CatchExceptionTaskExecuter.execute(CatchExceptionTaskExecuter.java:36)
	at org.gradle.api.internal.tasks.execution.EventFiringTaskExecuter$1.executeTask(EventFiringTaskExecuter.java:77)
	at org.gradle.api.internal.tasks.execution.EventFiringTaskExecuter$1.call(EventFiringTaskExecuter.java:55)
	at org.gradle.api.internal.tasks.execution.EventFiringTaskExecuter$1.call(EventFiringTaskExecuter.java:52)
	at org.gradle.internal.operations.DefaultBuildOperationRunner$CallableBuildOperationWorker.execute(DefaultBuildOperationRunner.java:210)
	at org.gradle.internal.operations.DefaultBuildOperationRunner$CallableBuildOperationWorker.execute(DefaultBuildOperationRunner.java:205)
	at org.gradle.internal.operations.DefaultBuildOperationRunner$2.execute(DefaultBuildOperationRunner.java:67)
	at org.gradle.internal.operations.DefaultBuildOperationRunner$2.execute(DefaultBuildOperationRunner.java:60)
	at org.gradle.internal.operations.DefaultBuildOperationRunner.execute(DefaultBuildOperationRunner.java:167)
	at org.gradle.internal.operations.DefaultBuildOperationRunner.execute(DefaultBuildOperationRunner.java:60)
	at org.gradle.internal.operations.DefaultBuildOperationRunner.call(DefaultBuildOperationRunner.java:54)
	at org.gradle.api.internal.tasks.execution.EventFiringTaskExecuter.execute(EventFiringTaskExecuter.java:52)
	at org.gradle.execution.plan.LocalTaskNodeExecutor.execute(LocalTaskNodeExecutor.java:42)
	at org.gradle.execution.taskgraph.DefaultTaskExecutionGraph$InvokeNodeExecutorsAction.execute(DefaultTaskExecutionGraph.java:331)
	at org.gradle.execution.taskgraph.DefaultTaskExecutionGraph$InvokeNodeExecutorsAction.execute(DefaultTaskExecutionGraph.java:318)
	at org.gradle.execution.taskgraph.DefaultTaskExecutionGraph$BuildOperationAwareExecutionAction.lambda$execute$0(DefaultTaskExecutionGraph.java:314)
	at org.gradle.internal.operations.CurrentBuildOperationRef.with(CurrentBuildOperationRef.java:85)
	at org.gradle.execution.taskgraph.DefaultTaskExecutionGraph$BuildOperationAwareExecutionAction.execute(DefaultTaskExecutionGraph.java:314)
	at org.gradle.execution.taskgraph.DefaultTaskExecutionGraph$BuildOperationAwareExecutionAction.execute(DefaultTaskExecutionGraph.java:303)
	at org.gradle.execution.plan.DefaultPlanExecutor$ExecutorWorker.execute(DefaultPlanExecutor.java:459)
	at org.gradle.execution.plan.DefaultPlanExecutor$ExecutorWorker.run(DefaultPlanExecutor.java:376)
	at org.gradle.internal.concurrent.ExecutorPolicy$CatchAndRecordFailures.onExecute(ExecutorPolicy.java:64)
	at org.gradle.internal.concurrent.AbstractManagedExecutor$1.run(AbstractManagedExecutor.java:48)
Caused by: org.gradle.workers.internal.DefaultWorkerExecutor$WorkExecutionException: A failure occurred while executing com.android.build.gradle.internal.res.ResourceCompilerRunnable
	at org.gradle.workers.internal.DefaultWorkerExecutor$WorkItemExecution.waitForCompletion(DefaultWorkerExecutor.java:287)
	at org.gradle.internal.work.DefaultAsyncWorkTracker.lambda$waitForItemsAndGatherFailures$2(DefaultAsyncWorkTracker.java:130)
	at org.gradle.internal.Factories$1.create(Factories.java:31)
	at org.gradle.internal.work.DefaultWorkerLeaseService.withoutLocks(DefaultWorkerLeaseService.java:335)
	at org.gradle.internal.work.DefaultWorkerLeaseService.withoutLocks(DefaultWorkerLeaseService.java:318)
	at org.gradle.internal.work.DefaultWorkerLeaseService.withoutLock(DefaultWorkerLeaseService.java:323)
	at org.gradle.internal.work.DefaultAsyncWorkTracker.waitForItemsAndGatherFailures(DefaultAsyncWorkTracker.java:126)
	at org.gradle.internal.work.DefaultAsyncWorkTracker.waitForItemsAndGatherFailures(DefaultAsyncWorkTracker.java:92)
	at org.gradle.internal.work.DefaultAsyncWorkTracker.waitForAll(DefaultAsyncWorkTracker.java:78)
	at org.gradle.internal.work.DefaultAsyncWorkTracker.waitForCompletion(DefaultAsyncWorkTracker.java:66)
	at org.gradle.api.internal.tasks.execution.TaskExecution$3.run(TaskExecution.java:252)
	at org.gradle.internal.operations.DefaultBuildOperationRunner$1.execute(DefaultBuildOperationRunner.java:30)
	at org.gradle.internal.operations.DefaultBuildOperationRunner$1.execute(DefaultBuildOperationRunner.java:27)
	at org.gradle.internal.operations.DefaultBuildOperationRunner$2.execute(DefaultBuildOperationRunner.java:67)
	at org.gradle.internal.operations.DefaultBuildOperationRunner$2.execute(DefaultBuildOperationRunner.java:60)
	at org.gradle.internal.operations.DefaultBuildOperationRunner.execute(DefaultBuildOperationRunner.java:167)
	at org.gradle.internal.operations.DefaultBuildOperationRunner.execute(DefaultBuildOperationRunner.java:60)
	at org.gradle.internal.operations.DefaultBuildOperationRunner.run(DefaultBuildOperationRunner.java:48)
	at org.gradle.api.internal.tasks.execution.TaskExecution.executeAction(TaskExecution.java:229)
	at org.gradle.api.internal.tasks.execution.TaskExecution.executeActions(TaskExecution.java:212)
	at org.gradle.api.internal.tasks.execution.TaskExecution.executeWithPreviousOutputFiles(TaskExecution.java:195)
	at org.gradle.api.internal.tasks.execution.TaskExecution.execute(TaskExecution.java:162)
	at org.gradle.internal.execution.steps.ExecuteStep.executeInternal(ExecuteStep.java:105)
	at org.gradle.internal.execution.steps.ExecuteStep.access$000(ExecuteStep.java:44)
	at org.gradle.internal.execution.steps.ExecuteStep$1.call(ExecuteStep.java:59)
	at org.gradle.internal.execution.steps.ExecuteStep$1.call(ExecuteStep.java:56)
	at org.gradle.internal.operations.DefaultBuildOperationRunner$CallableBuildOperationWorker.execute(DefaultBuildOperationRunner.java:210)
	at org.gradle.internal.operations.DefaultBuildOperationRunner$CallableBuildOperationWorker.execute(DefaultBuildOperationRunner.java:205)
	at org.gradle.internal.operations.DefaultBuildOperationRunner$2.execute(DefaultBuildOperationRunner.java:67)
	at org.gradle.internal.operations.DefaultBuildOperationRunner$2.execute(DefaultBuildOperationRunner.java:60)
	at org.gradle.internal.operations.DefaultBuildOperationRunner.execute(DefaultBuildOperationRunner.java:167)
	at org.gradle.internal.operations.DefaultBuildOperationRunner.execute(DefaultBuildOperationRunner.java:60)
	at org.gradle.internal.operations.DefaultBuildOperationRunner.call(DefaultBuildOperationRunner.java:54)
	at org.gradle.internal.execution.steps.ExecuteStep.execute(ExecuteStep.java:56)
	at org.gradle.internal.execution.steps.ExecuteStep.execute(ExecuteStep.java:44)
	at org.gradle.internal.execution.steps.CancelExecutionStep.execute(CancelExecutionStep.java:42)
	at org.gradle.internal.execution.steps.TimeoutStep.executeWithoutTimeout(TimeoutStep.java:75)
	at org.gradle.internal.execution.steps.TimeoutStep.execute(TimeoutStep.java:55)
	at org.gradle.internal.execution.steps.PreCreateOutputParentsStep.execute(PreCreateOutputParentsStep.java:50)
	at org.gradle.internal.execution.steps.PreCreateOutputParentsStep.execute(PreCreateOutputParentsStep.java:28)
	at org.gradle.internal.execution.steps.RemovePreviousOutputsStep.execute(RemovePreviousOutputsStep.java:67)
	at org.gradle.internal.execution.steps.RemovePreviousOutputsStep.execute(RemovePreviousOutputsStep.java:37)
	at org.gradle.internal.execution.steps.BroadcastChangingOutputsStep.execute(BroadcastChangingOutputsStep.java:61)
	at org.gradle.internal.execution.steps.BroadcastChangingOutputsStep.execute(BroadcastChangingOutputsStep.java:26)
	at org.gradle.internal.execution.steps.CaptureOutputsAfterExecutionStep.execute(CaptureOutputsAfterExecutionStep.java:69)
	at org.gradle.internal.execution.steps.CaptureOutputsAfterExecutionStep.execute(CaptureOutputsAfterExecutionStep.java:46)
	at org.gradle.internal.execution.steps.ResolveInputChangesStep.execute(ResolveInputChangesStep.java:40)
	at org.gradle.internal.execution.steps.ResolveInputChangesStep.execute(ResolveInputChangesStep.java:29)
	at org.gradle.internal.execution.steps.BuildCacheStep.executeWithoutCache(BuildCacheStep.java:189)
	at org.gradle.internal.execution.steps.BuildCacheStep.executeAndStoreInCache(BuildCacheStep.java:145)
	at org.gradle.internal.execution.steps.BuildCacheStep.lambda$executeWithCache$4(BuildCacheStep.java:101)
	at org.gradle.internal.execution.steps.BuildCacheStep.lambda$executeWithCache$5(BuildCacheStep.java:101)
	at org.gradle.internal.Try$Success.map(Try.java:175)
	at org.gradle.internal.execution.steps.BuildCacheStep.executeWithCache(BuildCacheStep.java:85)
	at org.gradle.internal.execution.steps.BuildCacheStep.lambda$execute$0(BuildCacheStep.java:74)
	at org.gradle.internal.Either$Left.fold(Either.java:115)
	at org.gradle.internal.execution.caching.CachingState.fold(CachingState.java:62)
	at org.gradle.internal.execution.steps.BuildCacheStep.execute(BuildCacheStep.java:73)
	at org.gradle.internal.execution.steps.BuildCacheStep.execute(BuildCacheStep.java:48)
	at org.gradle.internal.execution.steps.StoreExecutionStateStep.execute(StoreExecutionStateStep.java:46)
	at org.gradle.internal.execution.steps.StoreExecutionStateStep.execute(StoreExecutionStateStep.java:35)
	at org.gradle.internal.execution.steps.SkipUpToDateStep.executeBecause(SkipUpToDateStep.java:75)
	at org.gradle.internal.execution.steps.SkipUpToDateStep.lambda$execute$2(SkipUpToDateStep.java:53)
	at org.gradle.internal.execution.steps.SkipUpToDateStep.execute(SkipUpToDateStep.java:53)
	at org.gradle.internal.execution.steps.SkipUpToDateStep.execute(SkipUpToDateStep.java:35)
	at org.gradle.internal.execution.steps.legacy.MarkSnapshottingInputsFinishedStep.execute(MarkSnapshottingInputsFinishedStep.java:37)
	at org.gradle.internal.execution.steps.legacy.MarkSnapshottingInputsFinishedStep.execute(MarkSnapshottingInputsFinishedStep.java:27)
	at org.gradle.internal.execution.steps.ResolveIncrementalCachingStateStep.executeDelegate(ResolveIncrementalCachingStateStep.java:49)
	at org.gradle.internal.execution.steps.ResolveIncrementalCachingStateStep.executeDelegate(ResolveIncrementalCachingStateStep.java:27)
	at org.gradle.internal.execution.steps.AbstractResolveCachingStateStep.execute(AbstractResolveCachingStateStep.java:71)
	at org.gradle.internal.execution.steps.AbstractResolveCachingStateStep.execute(AbstractResolveCachingStateStep.java:39)
	at org.gradle.internal.execution.steps.ResolveChangesStep.execute(ResolveChangesStep.java:65)
	at org.gradle.internal.execution.steps.ResolveChangesStep.execute(ResolveChangesStep.java:36)
	at org.gradle.internal.execution.steps.ValidateStep.execute(ValidateStep.java:107)
	at org.gradle.internal.execution.steps.ValidateStep.execute(ValidateStep.java:56)
	at org.gradle.internal.execution.steps.AbstractCaptureStateBeforeExecutionStep.execute(AbstractCaptureStateBeforeExecutionStep.java:64)
	at org.gradle.internal.execution.steps.AbstractCaptureStateBeforeExecutionStep.execute(AbstractCaptureStateBeforeExecutionStep.java:43)
	at org.gradle.internal.execution.steps.AbstractSkipEmptyWorkStep.executeWithNonEmptySources(AbstractSkipEmptyWorkStep.java:125)
	at org.gradle.internal.execution.steps.AbstractSkipEmptyWorkStep.execute(AbstractSkipEmptyWorkStep.java:56)
	at org.gradle.internal.execution.steps.AbstractSkipEmptyWorkStep.execute(AbstractSkipEmptyWorkStep.java:36)
	at org.gradle.internal.execution.steps.legacy.MarkSnapshottingInputsStartedStep.execute(MarkSnapshottingInputsStartedStep.java:38)
	at org.gradle.internal.execution.steps.LoadPreviousExecutionStateStep.execute(LoadPreviousExecutionStateStep.java:36)
	at org.gradle.internal.execution.steps.LoadPreviousExecutionStateStep.execute(LoadPreviousExecutionStateStep.java:23)
	at org.gradle.internal.execution.steps.HandleStaleOutputsStep.execute(HandleStaleOutputsStep.java:75)
	at org.gradle.internal.execution.steps.HandleStaleOutputsStep.execute(HandleStaleOutputsStep.java:41)
	at org.gradle.internal.execution.steps.AssignMutableWorkspaceStep.lambda$execute$0(AssignMutableWorkspaceStep.java:35)
	at org.gradle.api.internal.tasks.execution.TaskExecution$4.withWorkspace(TaskExecution.java:289)
	at org.gradle.internal.execution.steps.AssignMutableWorkspaceStep.execute(AssignMutableWorkspaceStep.java:31)
	at org.gradle.internal.execution.steps.AssignMutableWorkspaceStep.execute(AssignMutableWorkspaceStep.java:22)
	at org.gradle.internal.execution.steps.ChoosePipelineStep.execute(ChoosePipelineStep.java:40)
	at org.gradle.internal.execution.steps.ChoosePipelineStep.execute(ChoosePipelineStep.java:23)
	at org.gradle.internal.execution.steps.ExecuteWorkBuildOperationFiringStep.lambda$execute$2(ExecuteWorkBuildOperationFiringStep.java:67)
	at org.gradle.internal.execution.steps.ExecuteWorkBuildOperationFiringStep.execute(ExecuteWorkBuildOperationFiringStep.java:67)
	at org.gradle.internal.execution.steps.ExecuteWorkBuildOperationFiringStep.execute(ExecuteWorkBuildOperationFiringStep.java:39)
	at org.gradle.internal.execution.steps.IdentityCacheStep.execute(IdentityCacheStep.java:46)
	at org.gradle.internal.execution.steps.IdentityCacheStep.execute(IdentityCacheStep.java:34)
	at org.gradle.internal.execution.steps.IdentifyStep.execute(IdentifyStep.java:48)
	at org.gradle.internal.execution.steps.IdentifyStep.execute(IdentifyStep.java:35)
	at org.gradle.internal.execution.impl.DefaultExecutionEngine$1.execute(DefaultExecutionEngine.java:61)
	at org.gradle.api.internal.tasks.execution.ExecuteActionsTaskExecuter.executeIfValid(ExecuteActionsTaskExecuter.java:127)
	at org.gradle.api.internal.tasks.execution.ExecuteActionsTaskExecuter.execute(ExecuteActionsTaskExecuter.java:116)
	at org.gradle.api.internal.tasks.execution.ProblemsTaskPathTrackingTaskExecuter.execute(ProblemsTaskPathTrackingTaskExecuter.java:40)
	at org.gradle.api.internal.tasks.execution.FinalizePropertiesTaskExecuter.execute(FinalizePropertiesTaskExecuter.java:46)
	at org.gradle.api.internal.tasks.execution.ResolveTaskExecutionModeExecuter.execute(ResolveTaskExecutionModeExecuter.java:51)
	at org.gradle.api.internal.tasks.execution.SkipTaskWithNoActionsExecuter.execute(SkipTaskWithNoActionsExecuter.java:57)
	at org.gradle.api.internal.tasks.execution.SkipOnlyIfTaskExecuter.execute(SkipOnlyIfTaskExecuter.java:74)
	at org.gradle.api.internal.tasks.execution.CatchExceptionTaskExecuter.execute(CatchExceptionTaskExecuter.java:36)
	at org.gradle.api.internal.tasks.execution.EventFiringTaskExecuter$1.executeTask(EventFiringTaskExecuter.java:77)
	at org.gradle.api.internal.tasks.execution.EventFiringTaskExecuter$1.call(EventFiringTaskExecuter.java:55)
	at org.gradle.api.internal.tasks.execution.EventFiringTaskExecuter$1.call(EventFiringTaskExecuter.java:52)
	at org.gradle.internal.operations.DefaultBuildOperationRunner$CallableBuildOperationWorker.execute(DefaultBuildOperationRunner.java:210)
	at org.gradle.internal.operations.DefaultBuildOperationRunner$CallableBuildOperationWorker.execute(DefaultBuildOperationRunner.java:205)
	at org.gradle.internal.operations.DefaultBuildOperationRunner$2.execute(DefaultBuildOperationRunner.java:67)
	at org.gradle.internal.operations.DefaultBuildOperationRunner$2.execute(DefaultBuildOperationRunner.java:60)
	at org.gradle.internal.operations.DefaultBuildOperationRunner.execute(DefaultBuildOperationRunner.java:167)
	at org.gradle.internal.operations.DefaultBuildOperationRunner.execute(DefaultBuildOperationRunner.java:60)
	at org.gradle.internal.operations.DefaultBuildOperationRunner.call(DefaultBuildOperationRunner.java:54)
	at org.gradle.api.internal.tasks.execution.EventFiringTaskExecuter.execute(EventFiringTaskExecuter.java:52)
	at org.gradle.execution.plan.LocalTaskNodeExecutor.execute(LocalTaskNodeExecutor.java:42)
	at org.gradle.execution.taskgraph.DefaultTaskExecutionGraph$InvokeNodeExecutorsAction.execute(DefaultTaskExecutionGraph.java:331)
	at org.gradle.execution.taskgraph.DefaultTaskExecutionGraph$InvokeNodeExecutorsAction.execute(DefaultTaskExecutionGraph.java:318)
	at org.gradle.execution.taskgraph.DefaultTaskExecutionGraph$BuildOperationAwareExecutionAction.lambda$execute$0(DefaultTaskExecutionGraph.java:314)
	at org.gradle.internal.operations.CurrentBuildOperationRef.with(CurrentBuildOperationRef.java:85)
	at org.gradle.execution.taskgraph.DefaultTaskExecutionGraph$BuildOperationAwareExecutionAction.execute(DefaultTaskExecutionGraph.java:314)
	at org.gradle.execution.taskgraph.DefaultTaskExecutionGraph$BuildOperationAwareExecutionAction.execute(DefaultTaskExecutionGraph.java:303)
	at org.gradle.execution.plan.DefaultPlanExecutor$ExecutorWorker.execute(DefaultPlanExecutor.java:459)
	at org.gradle.execution.plan.DefaultPlanExecutor$ExecutorWorker.run(DefaultPlanExecutor.java:376)
	at org.gradle.internal.concurrent.ExecutorPolicy$CatchAndRecordFailures.onExecute(ExecutorPolicy.java:64)
	at org.gradle.internal.concurrent.AbstractManagedExecutor$1.run(AbstractManagedExecutor.java:48)
Caused by: com.android.aaptcompiler.ResourceCompilationException: Resource compilation failed (Failed to compile values resource file /home/runner/work/Telegram/Telegram/TMessagesProj_AppStandalone/build/intermediates/incremental/afatStandalone/mergeAfatStandaloneResources/merged.dir/values/values.xml. Cause: java.lang.IllegalStateException: Can not extract resource from com.android.aaptcompiler.ParsedResource@72b05a72.,Can not extract resource from com.android.aaptcompiler.ParsedResource@4557dfd9.). Check logs for more details.
	at com.android.aaptcompiler.ResourceCompiler.compileResource(ResourceCompiler.kt:129)
	at com.android.build.gradle.internal.res.ResourceCompilerRunnable$Companion.compileSingleResource(ResourceCompilerRunnable.kt:34)
	at com.android.build.gradle.internal.res.ResourceCompilerRunnable.run(ResourceCompilerRunnable.kt:15)
	at com.android.build.gradle.internal.profile.ProfileAwareWorkAction.execute(ProfileAwareWorkAction.kt:74)
	at org.gradle.workers.internal.DefaultWorkerServer.execute(DefaultWorkerServer.java:63)
	at org.gradle.workers.internal.NoIsolationWorkerFactory$1$1.create(NoIsolationWorkerFactory.java:66)
	at org.gradle.workers.internal.NoIsolationWorkerFactory$1$1.create(NoIsolationWorkerFactory.java:62)
	at org.gradle.internal.classloader.ClassLoaderUtils.executeInClassloader(ClassLoaderUtils.java:100)
	at org.gradle.workers.internal.NoIsolationWorkerFactory$1.lambda$execute$0(NoIsolationWorkerFactory.java:62)
	at org.gradle.workers.internal.AbstractWorker$1.call(AbstractWorker.java:44)
	at org.gradle.workers.internal.AbstractWorker$1.call(AbstractWorker.java:41)
	at org.gradle.internal.operations.DefaultBuildOperationRunner$CallableBuildOperationWorker.execute(DefaultBuildOperationRunner.java:210)
	at org.gradle.internal.operations.DefaultBuildOperationRunner$CallableBuildOperationWorker.execute(DefaultBuildOperationRunner.java:205)
	at org.gradle.internal.operations.DefaultBuildOperationRunner$2.execute(DefaultBuildOperationRunner.java:67)
	at org.gradle.internal.operations.DefaultBuildOperationRunner$2.execute(DefaultBuildOperationRunner.java:60)
	at org.gradle.internal.operations.DefaultBuildOperationRunner.execute(DefaultBuildOperationRunner.java:167)
	at org.gradle.internal.operations.DefaultBuildOperationRunner.execute(DefaultBuildOperationRunner.java:60)
	at org.gradle.internal.operations.DefaultBuildOperationRunner.call(DefaultBuildOperationRunner.java:54)
	at org.gradle.workers.internal.AbstractWorker.executeWrappedInBuildOperation(AbstractWorker.java:41)
	at org.gradle.workers.internal.NoIsolationWorkerFactory$1.execute(NoIsolationWorkerFactory.java:59)
	at org.gradle.workers.internal.DefaultWorkerExecutor.lambda$submitWork$0(DefaultWorkerExecutor.java:174)
	at org.gradle.internal.work.DefaultConditionalExecutionQueue$ExecutionRunner.runExecution(DefaultConditionalExecutionQueue.java:194)
	at org.gradle.internal.work.DefaultConditionalExecutionQueue$ExecutionRunner.access$700(DefaultConditionalExecutionQueue.java:127)
	at org.gradle.internal.work.DefaultConditionalExecutionQueue$ExecutionRunner$1.run(DefaultConditionalExecutionQueue.java:169)
	at org.gradle.internal.Factories$1.create(Factories.java:31)
	at org.gradle.internal.work.DefaultWorkerLeaseService.withLocks(DefaultWorkerLeaseService.java:263)
	at org.gradle.internal.work.DefaultWorkerLeaseService.runAsWorkerThread(DefaultWorkerLeaseService.java:127)
	at org.gradle.internal.work.DefaultWorkerLeaseService.runAsWorkerThread(DefaultWorkerLeaseService.java:132)
	at org.gradle.internal.work.DefaultConditionalExecutionQueue$ExecutionRunner.runBatch(DefaultConditionalExecutionQueue.java:164)
	at org.gradle.internal.work.DefaultConditionalExecutionQueue$ExecutionRunner.run(DefaultConditionalExecutionQueue.java:133)
	... 2 more
Caused by: com.android.aaptcompiler.ResourceCompilationException: Failed to compile values resource file /home/runner/work/Telegram/Telegram/TMessagesProj_AppStandalone/build/intermediates/incremental/afatStandalone/mergeAfatStandaloneResources/merged.dir/values/values.xml
	at com.android.aaptcompiler.ResourceCompiler.compileTable(ResourceCompiler.kt:192)
	at com.android.aaptcompiler.ResourceCompiler.access$compileTable(ResourceCompiler.kt:1)
	at com.android.aaptcompiler.ResourceCompiler$getCompileMethod$1.invoke(ResourceCompiler.kt:138)
	at com.android.aaptcompiler.ResourceCompiler$getCompileMethod$1.invoke(ResourceCompiler.kt:138)
	at com.android.aaptcompiler.ResourceCompiler.compileResource(ResourceCompiler.kt:123)
	... 31 more
Caused by: java.lang.IllegalStateException: Can not extract resource from com.android.aaptcompiler.ParsedResource@72b05a72.,Can not extract resource from com.android.aaptcompiler.ParsedResource@4557dfd9.
	at com.android.aaptcompiler.TableExtractor.extractResourceValues(TableExtractor.kt:270)
	at com.android.aaptcompiler.TableExtractor.extract(TableExtractor.kt:181)
	at com.android.aaptcompiler.ResourceCompiler.compileTable(ResourceCompiler.kt:188)
	... 35 more


Deprecated Gradle features were used in this build, making it incompatible with Gradle 9.0.

You can use '--warning-mode all' to show the individual deprecation warnings and determine if they come from your own scripts or plugins.

For more on this, please refer to https://docs.gradle.org/8.13/userguide/command_line_interface.html#sec:command_line_warnings in the Gradle documentation.

BUILD FAILED in 12m 27s
312 actionable tasks: 252 executed, 60 from cache
