34:--I- Using the AGConnect-Config file: /home/runner/work/Telegram/Telegram/TMessagesProj_AppHuawei/agconnect-services.json
35:--W- The variant: afatDebug, Use the json file: /home/runner/work/Telegram/Telegram/TMessagesProj_AppHuawei/agconnect-services.json
36:--I- Using the AGConnect-Config file: /home/runner/work/Telegram/Telegram/TMessagesProj_AppHuawei/agconnect-services.json
37:--W- The variant: afatRelease, Use the json file: /home/runner/work/Telegram/Telegram/TMessagesProj_AppHuawei/agconnect-services.json
145:C/C++: /home/runner/work/Telegram/Telegram/TMessagesProj/jni/tgnet/Connection.cpp:216:93: note: place parentheses around the '&&' expression to silence this warning
152:C/C++: /home/runner/work/Telegram/Telegram/TMessagesProj/jni/tgnet/Connection.cpp:527:223: note: place parentheses around the '&&' expression to silence this warning
159:C/C++: /home/runner/work/Telegram/Telegram/TMessagesProj/jni/tgnet/Connection.cpp:660:57: note: place parentheses around the '&&' expression to silence this warning
166:C/C++: /home/runner/work/Telegram/Telegram/TMessagesProj/jni/tgnet/Connection.cpp:715:62: note: place parentheses around the '&&' expression to silence this warning
173:C/C++: /home/runner/work/Telegram/Telegram/TMessagesProj/jni/tgnet/Connection.cpp:715:147: note: place parentheses around the '&&' expression to silence this warning
213:C/C++: /home/runner/work/Telegram/Telegram/TMessagesProj/jni/tgnet/ConnectionSocket.cpp:704:29: note: place parentheses around the '&&' expression to silence this warning
221:C/C++: /home/runner/work/Telegram/Telegram/TMessagesProj/jni/tgnet/Request.cpp:82:19: note: place parentheses around the '&&' expression to silence this warning
228:C/C++: /home/runner/work/Telegram/Telegram/TMessagesProj/jni/tgnet/Request.cpp:82:77: note: place parentheses around the '&&' expression to silence this warning
236:C/C++: /home/runner/work/Telegram/Telegram/TMessagesProj/jni/tgnet/Datacenter.cpp:200:62: note: place parentheses around the '&&' expression to silence this warning
242:C/C++: /home/runner/work/Telegram/Telegram/TMessagesProj/jni/tgnet/Datacenter.cpp:258:62: note: place parentheses around the '&&' expression to silence this warning
248:C/C++: /home/runner/work/Telegram/Telegram/TMessagesProj/jni/tgnet/Datacenter.cpp:378:62: note: place parentheses around the '&&' expression to silence this warning
254:C/C++: /home/runner/work/Telegram/Telegram/TMessagesProj/jni/tgnet/Datacenter.cpp:447:62: note: place parentheses around the '&&' expression to silence this warning
287:C/C++: /home/runner/work/Telegram/Telegram/TMessagesProj/jni/voip/tgcalls/group/GroupInstanceReferenceImpl.cpp:731:39: note: in instantiation of function template specialization 'std::make_unique<webrtc::RtcEventLogFactory, webrtc::TaskQueueFactory *>' requested here
290:C/C++: /home/runner/work/Telegram/Telegram/TMessagesProj/jni/voip/webrtc/api/rtc_event_log/rtc_event_log_factory.h:29:5: note: 'RtcEventLogFactory' has been explicitly marked deprecated here
321:C/C++: /home/runner/work/Telegram/Telegram/TMessagesProj/jni/voip/tgcalls/v2/InstanceV2ReferenceImpl.cpp:490:68: note: in instantiation of function template specialization 'std::make_unique<webrtc::RtcEventLogFactory, webrtc::TaskQueueFactory *>' requested here
324:C/C++: /home/runner/work/Telegram/Telegram/TMessagesProj/jni/voip/webrtc/api/rtc_event_log/rtc_event_log_factory.h:29:5: note: 'RtcEventLogFactory' has been explicitly marked deprecated here
350:C/C++: /home/runner/work/Telegram/Telegram/TMessagesProj/jni/voip/tgcalls/v2/InstanceV2CompatImpl.cpp:439:68: note: in instantiation of function template specialization 'std::make_unique<webrtc::RtcEventLogFactory, webrtc::TaskQueueFactory *>' requested here
353:C/C++: /home/runner/work/Telegram/Telegram/TMessagesProj/jni/voip/webrtc/api/rtc_event_log/rtc_event_log_factory.h:29:5: note: 'RtcEventLogFactory' has been explicitly marked deprecated here
386:C/C++: /home/runner/work/Telegram/Telegram/TMessagesProj/jni/voip/tgcalls/v2wasm/CallCoreHost.cpp:600:64: note: in instantiation of function template specialization 'std::make_unique<webrtc::RtcEventLogFactory, webrtc::TaskQueueFactory *>' requested here
389:C/C++: /home/runner/work/Telegram/Telegram/TMessagesProj/jni/voip/webrtc/api/rtc_event_log/rtc_event_log_factory.h:29:5: note: 'RtcEventLogFactory' has been explicitly marked deprecated here
422:C/C++: /home/runner/work/Telegram/Telegram/TMessagesProj/jni/voip/webrtc/rtc_base/thread_annotations.h:31:27: note: expanded from macro 'RTC_GUARDED_BY'
425:C/C++: /home/runner/work/Telegram/Telegram/TMessagesProj/jni/voip/webrtc/rtc_base/thread_annotations.h:23:46: note: expanded from macro 'RTC_THREAD_ANNOTATION_ATTRIBUTE__'
431:C/C++: /home/runner/work/Telegram/Telegram/TMessagesProj/jni/voip/webrtc/rtc_base/thread_annotations.h:31:71: note: expanded from macro 'RTC_GUARDED_BY'
447:C/C++: /home/runner/work/Telegram/Telegram/TMessagesProj/jni/voip/webrtc/rtc_base/thread_annotations.h:31:27: note: expanded from macro 'RTC_GUARDED_BY'
450:C/C++: /home/runner/work/Telegram/Telegram/TMessagesProj/jni/voip/webrtc/rtc_base/thread_annotations.h:23:46: note: expanded from macro 'RTC_THREAD_ANNOTATION_ATTRIBUTE__'
456:C/C++: /home/runner/work/Telegram/Telegram/TMessagesProj/jni/voip/webrtc/rtc_base/thread_annotations.h:31:71: note: expanded from macro 'RTC_GUARDED_BY'
465:C/C++: /home/runner/work/Telegram/Telegram/TMessagesProj/jni/voip/webrtc/rtc_base/thread_annotations.h:31:27: note: expanded from macro 'RTC_GUARDED_BY'
468:C/C++: /home/runner/work/Telegram/Telegram/TMessagesProj/jni/voip/webrtc/rtc_base/thread_annotations.h:23:46: note: expanded from macro 'RTC_THREAD_ANNOTATION_ATTRIBUTE__'
474:C/C++: /home/runner/work/Telegram/Telegram/TMessagesProj/jni/voip/webrtc/rtc_base/thread_annotations.h:31:71: note: expanded from macro 'RTC_GUARDED_BY'
483:C/C++: /home/runner/work/Telegram/Telegram/TMessagesProj/jni/voip/webrtc/rtc_base/thread_annotations.h:31:27: note: expanded from macro 'RTC_GUARDED_BY'
486:C/C++: /home/runner/work/Telegram/Telegram/TMessagesProj/jni/voip/webrtc/rtc_base/thread_annotations.h:23:46: note: expanded from macro 'RTC_THREAD_ANNOTATION_ATTRIBUTE__'
492:C/C++: /home/runner/work/Telegram/Telegram/TMessagesProj/jni/voip/webrtc/rtc_base/thread_annotations.h:31:71: note: expanded from macro 'RTC_GUARDED_BY'
500:C/C++: /home/runner/work/Telegram/Telegram/TMessagesProj/jni/voip/webrtc/rtc_base/thread_annotations.h:31:27: note: expanded from macro 'RTC_GUARDED_BY'
503:C/C++: /home/runner/work/Telegram/Telegram/TMessagesProj/jni/voip/webrtc/rtc_base/thread_annotations.h:23:46: note: expanded from macro 'RTC_THREAD_ANNOTATION_ATTRIBUTE__'
508:C/C++: /home/runner/work/Telegram/Telegram/TMessagesProj/jni/voip/webrtc/rtc_base/thread_annotations.h:31:71: note: expanded from macro 'RTC_GUARDED_BY'
628:C/C++: /home/runner/work/Telegram/Telegram/TMessagesProj/jni/voip/org_telegram_messenger_voip_Instance.cpp:407:88: note: use array indexing to silence this warning
635:C/C++: /home/runner/work/Telegram/Telegram/TMessagesProj/jni/voip/org_telegram_messenger_voip_Instance.cpp:557:34: note: read of non-const variable 'size' is not allowed in a constant expression
636:C/C++: /home/runner/work/Telegram/Telegram/TMessagesProj/jni/voip/org_telegram_messenger_voip_Instance.cpp:552:34: note: declared here
642:C/C++: /home/runner/work/Telegram/Telegram/TMessagesProj/jni/voip/org_telegram_messenger_voip_Instance.cpp:558:38: note: read of non-const variable 'size' is not allowed in a constant expression
643:C/C++: /home/runner/work/Telegram/Telegram/TMessagesProj/jni/voip/org_telegram_messenger_voip_Instance.cpp:552:34: note: declared here
649:C/C++: /home/runner/work/Telegram/Telegram/TMessagesProj/jni/voip/org_telegram_messenger_voip_Instance.cpp:559:39: note: read of non-const variable 'size' is not allowed in a constant expression
650:C/C++: /home/runner/work/Telegram/Telegram/TMessagesProj/jni/voip/org_telegram_messenger_voip_Instance.cpp:552:34: note: declared here
656:C/C++: /home/runner/work/Telegram/Telegram/TMessagesProj/jni/voip/org_telegram_messenger_voip_Instance.cpp:608:30: note: read of non-const variable 'size' is not allowed in a constant expression
657:C/C++: /home/runner/work/Telegram/Telegram/TMessagesProj/jni/voip/org_telegram_messenger_voip_Instance.cpp:605:30: note: declared here
668:C/C++: /home/runner/work/Telegram/Telegram/TMessagesProj/jni/image.cpp:652:15: note: initializer of 'div' is not a constant expression
669:C/C++: /home/runner/work/Telegram/Telegram/TMessagesProj/jni/image.cpp:647:15: note: declared here
675:C/C++: /home/runner/work/Telegram/Telegram/TMessagesProj/jni/c_utils.h:21:19: note: expanded from macro 'MAX'
678:C/C++: /home/runner/work/Telegram/Telegram/TMessagesProj/jni/image.cpp:655:14: note: read of non-const variable 'w' is not allowed in a constant expression
679:C/C++: /home/runner/work/Telegram/Telegram/TMessagesProj/jni/c_utils.h:21:20: note: expanded from macro 'MAX'
682:C/C++: /home/runner/work/Telegram/Telegram/TMessagesProj/jni/image.cpp:633:9: note: declared here
691:C/C++: /usr/local/lib/android/sdk/ndk/27.2.12479018/toolchains/llvm/prebuilt/linux-x86_64/sysroot/usr/include/stdlib.h:132:18: note: expanded from macro 'RAND_MAX'
704:C/C++: /home/runner/work/Telegram/Telegram/TMessagesProj/jni/c_utils.h:11:67: note: expanded from macro 'LOGE'
707:C/C++: /home/runner/work/Telegram/Telegram/TMessagesProj/jni/gifvideo.cpp:143:10: note: treat the string as an argument to avoid this
711:C/C++: /home/runner/work/Telegram/Telegram/TMessagesProj/jni/c_utils.h:11:67: note: expanded from macro 'LOGE'
717:C/C++: /home/runner/work/Telegram/Telegram/TMessagesProj/jni/c_utils.h:11:67: note: expanded from macro 'LOGE'
724:C/C++: /home/runner/work/Telegram/Telegram/TMessagesProj/jni/c_utils.h:11:67: note: expanded from macro 'LOGE'
739:C/C++: /home/runner/work/Telegram/Telegram/TMessagesProj/jni/gifvideo.cpp:768:39: note: place parentheses around the '&&' expression to silence this warning
746:C/C++: /home/runner/work/Telegram/Telegram/TMessagesProj/jni/gifvideo.cpp:768:104: note: place parentheses around the '&&' expression to silence this warning
757:C/C++: /home/runner/work/Telegram/Telegram/TMessagesProj/.cxx/RelWithDebInfo/315u2d5t/arm64-v8a/<command line>:45:9: note: previous definition is here
1350:Size: 99836 bytes
1355:/home/runner/work/Telegram/Telegram/TMessagesProj/src/main/java/org/telegram/messenger/PengramMonet.java:113: error: constructor ThemeAccent in class ThemeAccent cannot be applied to given types;
1361:Note: Some input files use or override a deprecated API.
1362:Note: Recompile with -Xlint:deprecation for details.
1363:Note: Some input files use unchecked or unsafe operations.
1364:Note: Recompile with -Xlint:unchecked for details.
1365:Note: Some messages have been simplified; recompile with -Xdiags:verbose to get full output
1377:  /home/runner/work/Telegram/Telegram/TMessagesProj/src/main/java/org/telegram/messenger/PengramMonet.java:113: error: constructor ThemeAccent in class ThemeAccent cannot be applied to given types;
1383:  Note: Some input files use or override a deprecated API.
1384:  Note: Recompile with -Xlint:deprecation for details.
1385:  Note: Some input files use unchecked or unsafe operations.
1386:  Note: Recompile with -Xlint:unchecked for details.
1387:  Note: Some messages have been simplified; recompile with -Xdiags:verbose to get full output
1429:/home/runner/work/Telegram/Telegram/TMessagesProj/src/main/java/org/telegram/messenger/PengramMonet.java:113: error: constructor ThemeAccent in class ThemeAccent cannot be applied to given types;
1435:Note: Some input files use or override a deprecated API.
1436:Note: Recompile with -Xlint:deprecation for details.
1437:Note: Some input files use unchecked or unsafe operations.
1438:Note: Recompile with -Xlint:unchecked for details.
1439:Note: Some messages have been simplified; recompile with -Xdiags:verbose to get full output
